// Jest Snapshot v1, https://goo.gl/fbAQLP

exports[`<App /> renders correctly 1`] = `
<div
  className="app main"
>
  <div
    className="app title"
  >
    Let's do some math
  </div>
  <div
    className="app calculator"
  >
    <div
      className="display main"
    >
      <div
        className="display w-100"
      >
        0
      </div>
    </div>
    <div
      className="button-panel main"
    >
      <button
        className="button main w-25"
        onClick={[Function]}
        style={
          Object {
            "backgroundColor": "darkgray",
          }
        }
        type="button"
      >
        AC
      </button>
      <button
        className="button main w-25"
        onClick={[Function]}
        style={
          Object {
            "backgroundColor": "darkgray",
          }
        }
        type="button"
      >
        +/-
      </button>
      <button
        className="button main w-25"
        onClick={[Function]}
        style={
          Object {
            "backgroundColor": "darkgray",
          }
        }
        type="button"
      >
        %
      </button>
      <button
        className="button main w-25"
        onClick={[Function]}
        style={
          Object {
            "backgroundColor": "orange",
          }
        }
        type="button"
      >
        รท
      </button>
    </div>
    <div
      className="button-panel main"
    >
      <button
        className="button main w-25"
        onClick={[Function]}
        style={
          Object {
            "backgroundColor": "darkgray",
          }
        }
        type="button"
      >
        7
      </button>
      <button
        className="button main w-25"
        onClick={[Function]}
        style={
          Object {
            "backgroundColor": "darkgray",
          }
        }
        type="button"
      >
        8
      </button>
      <button
        className="button main w-25"
        onClick={[Function]}
        style={
          Object {
            "backgroundColor": "darkgray",
          }
        }
        type="button"
      >
        9
      </button>
      <button
        className="button main w-25"
        onClick={[Function]}
        style={
          Object {
            "backgroundColor": "orange",
          }
        }
        type="button"
      >
        X
      </button>
    </div>
    <div
      className="button-panel main"
    >
      <button
        className="button main w-25"
        onClick={[Function]}
        style={
          Object {
            "backgroundColor": "darkgray",
          }
        }
        type="button"
      >
        4
      </button>
      <button
        className="button main w-25"
        onClick={[Function]}
        style={
          Object {
            "backgroundColor": "darkgray",
          }
        }
        type="button"
      >
        5
      </button>
      <button
        className="button main w-25"
        onClick={[Function]}
        style={
          Object {
            "backgroundColor": "darkgray",
          }
        }
        type="button"
      >
        6
      </button>
      <button
        className="button main w-25"
        onClick={[Function]}
        style={
          Object {
            "backgroundColor": "orange",
          }
        }
        type="button"
      >
        -
      </button>
    </div>
    <div
      className="button-panel main"
    >
      <button
        className="button main w-25"
        onClick={[Function]}
        style={
          Object {
            "backgroundColor": "darkgray",
          }
        }
        type="button"
      >
        1
      </button>
      <button
        className="button main w-25"
        onClick={[Function]}
        style={
          Object {
            "backgroundColor": "darkgray",
          }
        }
        type="button"
      >
        2
      </button>
      <button
        className="button main w-25"
        onClick={[Function]}
        style={
          Object {
            "backgroundColor": "darkgray",
          }
        }
        type="button"
      >
        3
      </button>
      <button
        className="button main w-25"
        onClick={[Function]}
        style={
          Object {
            "backgroundColor": "orange",
          }
        }
        type="button"
      >
        +
      </button>
    </div>
    <div
      className="button-panel main"
    >
      <button
        className="button main w-50"
        onClick={[Function]}
        style={
          Object {
            "backgroundColor": "darkgray",
          }
        }
        type="button"
      >
        0
      </button>
      <button
        className="button main w-25"
        onClick={[Function]}
        style={
          Object {
            "backgroundColor": "darkgray",
          }
        }
        type="button"
      >
        .
      </button>
      <button
        className="button main w-25"
        onClick={[Function]}
        style={
          Object {
            "backgroundColor": "orange",
          }
        }
        type="button"
      >
        =
      </button>
    </div>
  </div>
</div>
`;
