// Jest Snapshot v1, https://goo.gl/fbAQLP

exports[`renders correctly 1`] = `
<button
  className="button main w-25"
  onClick={[MockFunction]}
  style={
    Object {
      "backgroundColor": "darkgray",
    }
  }
  type="button"
>
  big_button
</button>
`;
