// Jest Snapshot v1, https://goo.gl/fbAQLP

exports[`renders correctly 1`] = `
<div
  className="display main"
>
  <div
    className="display w-100"
  >
    2+
  </div>
</div>
`;
